Microchip MPLAB XC8 Compiler V2.00 ()

Linker command line:

-W-3 --edf=C:\Program Files (x86)\Microchip\xc8\v2.00\pic\dat\en_msgs.txt \
  -cs -h+dist/default/production\projeto_rascunho.X.production.sym \
  --cmf=dist/default/production\projeto_rascunho.X.production.cmf -z \
  -Q16F887 -oC:\Users\20187263\AppData\Local\Temp\shp8.2 \
  -Mdist/default/production/projeto_rascunho.X.production.map -E1 -ver=XC8 \
  --acfsm=1493 -ASTACK=0110h-016fh -pstack=STACK -ACODE=00h-07FFhx4 \
  -ASTRCODE=00h-01FFFh -ASTRING=00h-0FFhx32 -ACONST=00h-0FFhx32 \
  -AENTRY=00h-0FFhx32 -ACOMMON=070h-07Fh -ABANK0=020h-06Fh \
  -ABANK1=0A0h-0EFh -ABANK2=0110h-016Fh -ABANK3=0190h-01EFh \
  -ARAM=020h-06Fh,0A0h-0EFh,0110h-016Fh,0190h-01EFh \
  -AABS1=020h-07Fh,0A0h-0EFh,0110h-016Fh,0190h-01EFh -ASFR0=00h-01Fh \
  -ASFR1=080h-09Fh -ASFR2=0100h-010Fh -ASFR3=0180h-018Fh \
  -preset_vec=00h,intentry,init,end_init -ppowerup=CODE -pcinit=CODE \
  -pfunctab=ENTRY -ACONFIG=02007h-02008h -pconfig=CONFIG -DCONFIG=2 \
  -AIDLOC=02000h-02003h -pidloc=IDLOC -DIDLOC=2 -AEEDATA=00h-0FFh/02100h \
  -peeprom_data=EEDATA -DEEDATA=2 -DCODE=2 -DSTRCODE=2 -DSTRING=2 -DCONST=2 \
  -DENTRY=2 -k C:\Users\20187263\AppData\Local\Temp\shp8.o \
  dist/default/production\projeto_rascunho.X.production.o 

Object code version is 3.11

Machine type is 16F887



                Name                               Link     Load   Length Selector   Space Scale
C:\Users\20187263\AppData\Local\Temp\shp8.o
                end_init                              0        0        3        0       0
                config                             2007     2007        2     400E       0
dist/default/production\projeto_rascunho.X.production.o
                cinit                               7EC      7EC       14      FD8       0
                functab                               3        3       1E        6       0
                text13                              596      596       2B      B2C       0
                text12                              6BC      6BC       79      D78       0
                text11                              508      508       13      A10       0
                text10                              5C1      5C1       32      B82       0
                text9                               52E      52E       17      A5C       0
                text8                               5F3      5F3       3A      BE6       0
                text7                               668      668       54      CD0       0
                text6                               62D      62D       3B      C5A       0
                text5                               545      545       17      A8A       0
                text4                               4F7      4F7       11      9EE       0
                text3                               4EA      4EA        5      9D4       0
                text2                               55C      55C       17      AB8       0
                text1                               4EF      4EF        8      9DE       0
                maintext                            735      735       B7      E6A       0
                cstackCOMMON                         70       70        E       70       1
                inittext                            51B      51B       13      A36       0
                dataBANK0                            20       20       23       20       1
                bssBANK0                             43       43        2       20       1
                strings                              21       21       56       42       0
                idataBANK0                          573      573       23      AE6       0

TOTAL           Name                               Link     Load   Length     Space
        CLASS   STACK          

        CLASS   CODE           
                end_init                              0        0        3         0
                cinit                               7EC      7EC       14         0
                text13                              596      596       2B         0
                text12                              6BC      6BC       79         0
                text11                              508      508       13         0
                text10                              5C1      5C1       32         0
                text9                               52E      52E       17         0
                text8                               5F3      5F3       3A         0
                text7                               668      668       54         0
                text6                               62D      62D       3B         0
                text5                               545      545       17         0
                text4                               4F7      4F7       11         0
                text3                               4EA      4EA        5         0
                text2                               55C      55C       17         0
                text1                               4EF      4EF        8         0
                maintext                            735      735       B7         0
                inittext                            51B      51B       13         0
                idataBANK0                          573      573       23         0

        CLASS   STRCODE        

        CLASS   STRING         
                strings                              21       21       56         0

        CLASS   CONST          

        CLASS   ENTRY          
                functab                               3        3       1E         0

        CLASS   COMMON         
                cstackCOMMON                         70       70        E         1

        CLASS   BANK0          
                dataBANK0                            20       20       23         1
                bssBANK0                             43       43        2         1

        CLASS   BANK1          

        CLASS   BANK2          

        CLASS   BANK3          

        CLASS   RAM            

        CLASS   ABS1           
                abs_s1                               7E       7E        2         1

        CLASS   SFR0           

        CLASS   SFR1           

        CLASS   SFR2           

        CLASS   SFR3           

        CLASS   CONFIG         
                config                             2007     2007        2         0

        CLASS   IDLOC          

        CLASS   EEDATA         



SEGMENTS        Name                           Load    Length   Top    Selector   Space  Class     Delta

                reset_vec                      000000  000003  000003         0       0  CODE        2
                functab                        000003  00001E  000021         6       0  ENTRY       2
                dataBANK0                      000020  000025  000045        20       1  BANK0       1
                strings                        000021  000056  000077        42       0  STRING      2
                cstackCOMMON                   000070  00000E  00007E        70       1  COMMON      1
                text3                          0004EA  000005  0004EF       9D4       0  CODE        2
                text1                          0004EF  000008  0004F7       9DE       0  CODE        2
                text4                          0004F7  000011  000508       9EE       0  CODE        2
                text11                         000508  000013  00051B       A10       0  CODE        2
                inittext                       00051B  000013  00052E       A36       0  CODE        2
                text9                          00052E  000017  000545       A5C       0  CODE        2
                text5                          000545  000017  00055C       A8A       0  CODE        2
                text2                          00055C  000017  000573       AB8       0  CODE        2
                idataBANK0                     000573  000023  000596       AE6       0  CODE        2
                text13                         000596  00002B  0005C1       B2C       0  CODE        2
                text10                         0005C1  000032  0005F3       B82       0  CODE        2
                text8                          0005F3  00003A  00062D       BE6       0  CODE        2
                text6                          00062D  00003B  000668       C5A       0  CODE        2
                text7                          000668  000054  0006BC       CD0       0  CODE        2
                text12                         0006BC  000079  000735       D78       0  CODE        2
                maintext                       000735  0000B7  0007EC       E6A       0  CODE        2
                cinit                          0007EC  000014  000800       FD8       0  CODE        2
                config                         002007  000002  002009      400E       0  CONFIG      2


UNUSED ADDRESS RANGES

        Name                Unused          Largest block    Delta
        BANK0            0045-006F             2B           1
        BANK1            00A0-00EF             50           1
        BANK2            0110-016F             60           1
        BANK3            0190-01EF             60           1
        CODE             0077-04E9            473           2
                         0800-1FFF            800
        CONST            0077-04E9            100           2
                         0800-1FFF            100
        EEDATA           2100-21FF            100           2
        ENTRY            0077-04E9            100           2
                         0800-1FFF            100
        IDLOC            2000-2003              4           2
        RAM              0045-006F             2B           1
                         00A0-00EF             50
                         0110-016F             60
                         0190-01EF             60
        SFR0             0000-001F             20           1
        SFR1             0080-009F             20           1
        SFR2             0100-010F             10           1
        SFR3             0180-018F             10           1
        STACK            0110-016F             60           1
        STRCODE          0077-04E9            473           2
                         0800-1FFF           1800
        STRING           0077-04E9            100           2
                         0800-1FFF            100

                                  Symbol Table

_ANSELH                   (abs)        0189
_BAUDCTLbits              (abs)        0187
_KEYBOARDbits             (abs)        0006
_LCDbits                  (abs)        0008
_OPTION_REGbits           (abs)        0081
_PIR1bits                 (abs)        000C
_PORTB                    (abs)        0006
_RCREG                    (abs)        001A
_RCSTAbits                (abs)        0018
_SPBRbits                 (abs)        0099
_TRISB                    (abs)        0086
_TRISDbits                (abs)        0088
_TXREG                    (abs)        0019
_TXSTAbits                (abs)        0098
_WPUB                     (abs)        0095
__CFG_BOR4V$BOR40V        (abs)        0000
__CFG_BOREN$OFF           (abs)        0000
__CFG_CP$OFF              (abs)        0000
__CFG_CPD$OFF             (abs)        0000
__CFG_FCMEN$OFF           (abs)        0000
__CFG_FOSC$INTRC_NOCLKOUT (abs)        0000
__CFG_IESO$OFF            (abs)        0000
__CFG_LVP$OFF             (abs)        0000
__CFG_MCLRE$OFF           (abs)        0000
__CFG_PWRTE$OFF           (abs)        0000
__CFG_WDTE$OFF            (abs)        0000
__CFG_WRT$OFF             (abs)        0000
__Habs1                   abs1         0000
__Hbank0                  bank0        0000
__Hbank1                  bank1        0000
__Hbank2                  bank2        0000
__Hbank3                  bank3        0000
__HbssBANK0               bssBANK0     0000
__Hcinit                  cinit        0800
__Hclrtext                clrtext      0000
__Hcode                   code         0000
__Hcommon                 common       0000
__Hconfig                 config       2009
__HcstackCOMMON           cstackCOMMON 0000
__HdataBANK0              dataBANK0    0000
__Heeprom_data            eeprom_data  0000
__Hend_init               end_init     0003
__Hfunctab                functab      0021
__HidataBANK0             idataBANK0   0000
__Hidloc                  idloc        0000
__Hinit                   init         0000
__Hinittext               inittext     0000
__Hintentry               intentry     0000
__Hmaintext               maintext     0000
__Hpowerup                powerup      0000
__Hram                    ram          0000
__Hreset_vec              reset_vec    0000
__Hsfr0                   sfr0         0000
__Hsfr1                   sfr1         0000
__Hsfr2                   sfr2         0000
__Hsfr3                   sfr3         0000
__Hspace_0                (abs)        2009
__Hspace_1                (abs)        007E
__Hspace_2                (abs)        0000
__Hspace_3                (abs)        0000
__Hstack                  stack        0000
__Hstrings                strings      0000
__Htext                   text         0000
__Labs1                   abs1         0000
__Lbank0                  bank0        0000
__Lbank1                  bank1        0000
__Lbank2                  bank2        0000
__Lbank3                  bank3        0000
__LbssBANK0               bssBANK0     0000
__Lcinit                  cinit        07EC
__Lclrtext                clrtext      0000
__Lcode                   code         0000
__Lcommon                 common       0000
__Lconfig                 config       2007
__LcstackCOMMON           cstackCOMMON 0000
__LdataBANK0              dataBANK0    0000
__Leeprom_data            eeprom_data  0000
__Lend_init               end_init     0000
__Lfunctab                functab      0003
__LidataBANK0             idataBANK0   0000
__Lidloc                  idloc        0000
__Linit                   init         0000
__Linittext               inittext     0000
__Lintentry               intentry     0000
__Lmaintext               maintext     0000
__Lpowerup                powerup      0000
__Lram                    ram          0000
__Lreset_vec              reset_vec    0000
__Lsfr0                   sfr0         0000
__Lsfr1                   sfr1         0000
__Lsfr2                   sfr2         0000
__Lsfr3                   sfr3         0000
__Lspace_0                (abs)        0000
__Lspace_1                (abs)        0000
__Lspace_2                (abs)        0000
__Lspace_3                (abs)        0000
__Lstack                  stack        0000
__Lstrings                strings      0000
__Ltext                   text         0000
__S0                      (abs)        2009
__S1                      (abs)        007E
__S2                      (abs)        0000
__S3                      (abs)        0000
___int_sp                 stack        0000
___latbits                (abs)        0002
___sp                     stack        0000
__end_of__fptable         functab      0021
__end_of__initialization  cinit        07FC
__end_of__stringtab       strings      0031
__end_of_delay            text9        0545
__end_of_dispLCD          text10       05F3
__end_of_dispLCD_dataReg  text13       05C1
__end_of_dispLCD_init     text7        06BC
__end_of_dispLCD_instReg  text12       0735
__end_of_dispLCD_lincol   text11       051B
__end_of_dispLCD_newChar  text8        062D
__end_of_dispLCDstr       text6        0668
__end_of_initEUSART       text5        055C
__end_of_keyboardMatrix   strings      0041
__end_of_keyboard_init    text4        0508
__end_of_main             maintext     07EC
__end_of_newChar_degree   strings      0049
__end_of_rxEUSART         text3        04EF
__end_of_rxErrorEUSART    text2        0573
__end_of_rxStatusEUSART   text1        04F7
__fptable                 functab      0003
__initialization          cinit        07EC
__pbssBANK0               bssBANK0     0043
__pcstackCOMMON           cstackCOMMON 0070
__pdataBANK0              dataBANK0    0020
__pfunctab                functab      0003
__pidataBANK0             idataBANK0   0573
__pmaintext               maintext     0735
__pstrings                strings      0021
__ptext1                  text1        04EF
__ptext10                 text10       05C1
__ptext11                 text11       0508
__ptext12                 text12       06BC
__ptext13                 text13       0596
__ptext2                  text2        055C
__ptext3                  text3        04EA
__ptext4                  text4        04F7
__ptext5                  text5        0545
__ptext6                  text6        062D
__ptext7                  text7        0668
__ptext8                  text8        05F3
__ptext9                  text9        052E
__size_of__fptable        (abs)        0000
__size_of_delay           (abs)        0000
__size_of_dispLCD         (abs)        0000
__size_of_dispLCD_dataReg (abs)        0000
__size_of_dispLCD_init    (abs)        0000
__size_of_dispLCD_instReg (abs)        0000
__size_of_dispLCD_lincol  (abs)        0000
__size_of_dispLCD_newChar (abs)        0000
__size_of_dispLCDstr      (abs)        0000
__size_of_initEUSART      (abs)        0000
__size_of_keyboard_init   (abs)        0000
__size_of_main            (abs)        0000
__size_of_rxEUSART        (abs)        0000
__size_of_rxErrorEUSART   (abs)        0000
__size_of_rxStatusEUSART  (abs)        0000
__stringbase              strings      0030
__stringtab               strings      0021
_currKey                  bssBANK0     0043
_currentKey               (abs)        0000
_delay                    text9        052E
_dispLCD                  text10       05C1
_dispLCD_B0               (abs)        0000
_dispLCD_B1               (abs)        0000
_dispLCD_clr              (abs)        0000
_dispLCD_dataReg          text13       0596
_dispLCD_init             text7        0668
_dispLCD_instReg          text12       06BC
_dispLCD_lincol           text11       0508
_dispLCD_newChar          text8        05F3
_dispLCD_num              (abs)        0000
_dispLCDstr               text6        062D
_eusart                   dataBANK0    0020
_initEUSART               text5        0545
_keyboard                 dataBANK0    002E
_keyboardMatrix           strings      0031
_keyboard_init            text4        04F7
_keyboard_scan            (abs)        0000
_main                     maintext     0735
_newChar_degree           strings      0041
_prevKey                  bssBANK0     0044
_previousKey              (abs)        0000
_print                    dataBANK0    0027
_rxEUSART                 text3        04EA
_rxErrorEUSART            text2        055C
_rxResetErrorEUSART       (abs)        0000
_rxStatusEUSART           text1        04EF
_txEUSART                 (abs)        0000
_txStatusEUSART           (abs)        0000
_vetor                    dataBANK0    0032
btemp                     (abs)        007E
delay@t                   cstackCOMMON 0070
dispLCD@col               cstackCOMMON 0077
dispLCD@lin               cstackCOMMON 0076
dispLCD@str               cstackCOMMON 0078
dispLCD_dataReg@d         cstackCOMMON 0071
dispLCD_instReg@i         cstackCOMMON 0072
dispLCD_lincol@col        cstackCOMMON 0073
dispLCD_lincol@lin        cstackCOMMON 0075
dispLCD_newChar@adrs      cstackCOMMON 0075
dispLCD_newChar@i         cstackCOMMON 0076
dispLCD_newChar@ptr       cstackCOMMON 0073
dispLCDstr@str            cstackCOMMON 0076
end_of_initialization     cinit        07FC
fpbase                    functab      0008
fptable                   functab      0003
fptotal                   (abs)        0010
initEUSART@baudRate       cstackCOMMON 0070
init_fetch0               inittext     051B
init_ram0                 inittext     051F
intlevel0                 functab      0003
intlevel1                 functab      0003
intlevel2                 functab      0003
intlevel3                 functab      0003
intlevel4                 functab      0003
intlevel5                 functab      0003
main@i                    cstackCOMMON 007D
reset_vec                 reset_vec    0000
stackhi                   (abs)        0000
stacklo                   (abs)        0000
start                     init         0000
start_initialization      cinit        07EC
wtemp0                    (abs)        007E


FUNCTION INFORMATION:

 *************** function _main *****************
 Defined at:
		line 17 in file "main.c"
 Parameters:    Size  Location     Type
		None
 Auto vars:     Size  Location     Type
  i               1   13[COMMON] unsigned char 
 Return value:  Size  Location     Type
                  1    wreg      void 
 Registers used:
		wreg, fsr0l, fsr0h, status,2, status,0, btemp+1, pclath, cstack
 Tracked objects:
		On entry : 
		On exit  : 
		Unchanged: 
 Data sizes:     COMMON   BANK0   BANK1   BANK3   BANK2
      Params:         0       0       0       0       0
      Locals:         1       0       0       0       0
      Temps:          2       0       0       0       0
      Totals:         3       0       0       0       0
Total ram usage:        3 bytes
 Hardware stack levels required when called:    3
 This function calls:
		_dispLCD
		_dispLCD_init
		_dispLCDstr
		_initEUSART
		_keyboard_init
		_rxEUSART
		_rxErrorEUSART
		_rxStatusEUSART
 This function is called by:
		Startup code after reset
 This function uses a non-reentrant model


 *************** function _rxStatusEUSART *****************
 Defined at:
		line 60 in file "eusart.c"
 Parameters:    Size  Location     Type
		None
 Auto vars:     Size  Location     Type
		None
 Return value:  Size  Location     Type
                  1    wreg      unsigned char 
 Registers used:
		wreg, status,2, status,0
 Tracked objects:
		On entry : 
		On exit  : 
		Unchanged: 
 Data sizes:     COMMON   BANK0   BANK1   BANK3   BANK2
      Params:         0       0       0       0       0
      Locals:         0       0       0       0       0
      Temps:          1       0       0       0       0
      Totals:         1       0       0       0       0
Total ram usage:        1 bytes
 Hardware stack levels used:    1
 This function calls:
		Nothing
 This function is called by:
		_main
 This function uses a non-reentrant model


 *************** function _rxErrorEUSART *****************
 Defined at:
		line 74 in file "eusart.c"
 Parameters:    Size  Location     Type
		None
 Auto vars:     Size  Location     Type
		None
 Return value:  Size  Location     Type
                  1    wreg      unsigned char 
 Registers used:
		wreg
 Tracked objects:
		On entry : 
		On exit  : 
		Unchanged: 
 Data sizes:     COMMON   BANK0   BANK1   BANK3   BANK2
      Params:         0       0       0       0       0
      Locals:         0       0       0       0       0
      Temps:          0       0       0       0       0
      Totals:         0       0       0       0       0
Total ram usage:        0 bytes
 Hardware stack levels used:    1
 This function calls:
		Nothing
 This function is called by:
		_main
 This function uses a non-reentrant model


 *************** function _rxEUSART *****************
 Defined at:
		line 48 in file "eusart.c"
 Parameters:    Size  Location     Type
		None
 Auto vars:     Size  Location     Type
		None
 Return value:  Size  Location     Type
                  1    wreg      unsigned char 
 Registers used:
		wreg
 Tracked objects:
		On entry : 
		On exit  : 
		Unchanged: 
 Data sizes:     COMMON   BANK0   BANK1   BANK3   BANK2
      Params:         0       0       0       0       0
      Locals:         0       0       0       0       0
      Temps:          0       0       0       0       0
      Totals:         0       0       0       0       0
Total ram usage:        0 bytes
 Hardware stack levels used:    1
 This function calls:
		Nothing
 This function is called by:
		_main
 This function uses a non-reentrant model


 *************** function _keyboard_init *****************
 Defined at:
		line 104 in file "keyboard.c"
 Parameters:    Size  Location     Type
		None
 Auto vars:     Size  Location     Type
		None
 Return value:  Size  Location     Type
                  1    wreg      void 
 Registers used:
		wreg, status,2
 Tracked objects:
		On entry : 
		On exit  : 
		Unchanged: 
 Data sizes:     COMMON   BANK0   BANK1   BANK3   BANK2
      Params:         0       0       0       0       0
      Locals:         0       0       0       0       0
      Temps:          0       0       0       0       0
      Totals:         0       0       0       0       0
Total ram usage:        0 bytes
 Hardware stack levels used:    1
 This function calls:
		Nothing
 This function is called by:
		_main
 This function uses a non-reentrant model


 *************** function _initEUSART *****************
 Defined at:
		line 137 in file "eusart.c"
 Parameters:    Size  Location     Type
  baudRate        4    0[COMMON] unsigned long 
 Auto vars:     Size  Location     Type
		None
 Return value:  Size  Location     Type
                  1    wreg      void 
 Registers used:
		wreg
 Tracked objects:
		On entry : 
		On exit  : 
		Unchanged: 
 Data sizes:     COMMON   BANK0   BANK1   BANK3   BANK2
      Params:         4       0       0       0       0
      Locals:         0       0       0       0       0
      Temps:          0       0       0       0       0
      Totals:         4       0       0       0       0
Total ram usage:        4 bytes
 Hardware stack levels used:    1
 This function calls:
		Nothing
 This function is called by:
		_main
 This function uses a non-reentrant model


 *************** function _dispLCDstr *****************
 Defined at:
		line 184 in file "lcd.c"
 Parameters:    Size  Location     Type
  str             1    6[COMMON] PTR const unsigned char 
		 -> STR_1(18), 
 Auto vars:     Size  Location     Type
		None
 Return value:  Size  Location     Type
                  1    wreg      void 
 Registers used:
		wreg, fsr0l, fsr0h, status,2, status,0, pclath, cstack
 Tracked objects:
		On entry : 
		On exit  : 
		Unchanged: 
 Data sizes:     COMMON   BANK0   BANK1   BANK3   BANK2
      Params:         1       0       0       0       0
      Locals:         0       0       0       0       0
      Temps:          1       0       0       0       0
      Totals:         2       0       0       0       0
Total ram usage:        2 bytes
 Hardware stack levels used:    1
 Hardware stack levels required when called:    2
 This function calls:
		_dispLCD_dataReg
		_dispLCD_lincol
 This function is called by:
		_main
 This function uses a non-reentrant model


 *************** function _dispLCD_init *****************
 Defined at:
		line 150 in file "lcd.c"
 Parameters:    Size  Location     Type
		None
 Auto vars:     Size  Location     Type
		None
 Return value:  Size  Location     Type
                  1    wreg      void 
 Registers used:
		wreg, fsr0l, fsr0h, status,2, status,0, pclath, cstack
 Tracked objects:
		On entry : 
		On exit  : 
		Unchanged: 
 Data sizes:     COMMON   BANK0   BANK1   BANK3   BANK2
      Params:         0       0       0       0       0
      Locals:         0       0       0       0       0
      Temps:          1       0       0       0       0
      Totals:         1       0       0       0       0
Total ram usage:        1 bytes
 Hardware stack levels used:    1
 Hardware stack levels required when called:    2
 This function calls:
		_delay
		_dispLCD_instReg
		_dispLCD_newChar
 This function is called by:
		_main
 This function uses a non-reentrant model


 *************** function _dispLCD_newChar *****************
 Defined at:
		line 134 in file "lcd.c"
 Parameters:    Size  Location     Type
  adrs            1    wreg     unsigned char 
  ptr             1    3[COMMON] PTR const unsigned char 
		 -> newChar_degree(8), 
 Auto vars:     Size  Location     Type
  adrs            1    5[COMMON] unsigned char 
  i               1    6[COMMON] unsigned char 
 Return value:  Size  Location     Type
                  1    wreg      void 
 Registers used:
		wreg, fsr0l, fsr0h, status,2, status,0, pclath, cstack
 Tracked objects:
		On entry : 
		On exit  : 
		Unchanged: 
 Data sizes:     COMMON   BANK0   BANK1   BANK3   BANK2
      Params:         1       0       0       0       0
      Locals:         2       0       0       0       0
      Temps:          1       0       0       0       0
      Totals:         4       0       0       0       0
Total ram usage:        4 bytes
 Hardware stack levels used:    1
 Hardware stack levels required when called:    1
 This function calls:
		_dispLCD_dataReg
		_dispLCD_instReg
 This function is called by:
		_dispLCD_init
 This function uses a non-reentrant model


 *************** function _delay *****************
 Defined at:
		line 12 in file "delay.c"
 Parameters:    Size  Location     Type
  t               2    0[COMMON] unsigned int 
 Auto vars:     Size  Location     Type
		None
 Return value:  Size  Location     Type
                  1    wreg      void 
 Registers used:
		wreg, status,2, status,0
 Tracked objects:
		On entry : 
		On exit  : 
		Unchanged: 
 Data sizes:     COMMON   BANK0   BANK1   BANK3   BANK2
      Params:         2       0       0       0       0
      Locals:         0       0       0       0       0
      Temps:          1       0       0       0       0
      Totals:         3       0       0       0       0
Total ram usage:        3 bytes
 Hardware stack levels used:    1
 This function calls:
		Nothing
 This function is called by:
		_dispLCD_init
 This function uses a non-reentrant model


 *************** function _dispLCD *****************
 Defined at:
		line 173 in file "lcd.c"
 Parameters:    Size  Location     Type
  lin             1    6[COMMON] unsigned char 
  col             1    7[COMMON] unsigned char 
  str             2    8[COMMON] PTR const unsigned char 
		 -> vetor(17), STR_3(14), STR_2(14), 
 Auto vars:     Size  Location     Type
		None
 Return value:  Size  Location     Type
                  1    wreg      void 
 Registers used:
		wreg, fsr0l, fsr0h, status,2, status,0, btemp+1, pclath, cstack
 Tracked objects:
		On entry : 
		On exit  : 
		Unchanged: 
 Data sizes:     COMMON   BANK0   BANK1   BANK3   BANK2
      Params:         4       0       0       0       0
      Locals:         0       0       0       0       0
      Temps:          1       0       0       0       0
      Totals:         5       0       0       0       0
Total ram usage:        5 bytes
 Hardware stack levels used:    1
 Hardware stack levels required when called:    2
 This function calls:
		_dispLCD_dataReg
		_dispLCD_lincol
 This function is called by:
		_main
 This function uses a non-reentrant model


 *************** function _dispLCD_lincol *****************
 Defined at:
		line 128 in file "lcd.c"
 Parameters:    Size  Location     Type
  lin             1    wreg     unsigned char 
  col             1    3[COMMON] unsigned char 
 Auto vars:     Size  Location     Type
  lin             1    5[COMMON] unsigned char 
 Return value:  Size  Location     Type
                  1    wreg      void 
 Registers used:
		wreg, status,2, status,0, pclath, cstack
 Tracked objects:
		On entry : 
		On exit  : 
		Unchanged: 
 Data sizes:     COMMON   BANK0   BANK1   BANK3   BANK2
      Params:         1       0       0       0       0
      Locals:         1       0       0       0       0
      Temps:          1       0       0       0       0
      Totals:         3       0       0       0       0
Total ram usage:        3 bytes
 Hardware stack levels used:    1
 Hardware stack levels required when called:    1
 This function calls:
		_dispLCD_instReg
 This function is called by:
		_dispLCD
		_dispLCDstr
		_dispLCD_putChar
		_dispLCD_num
 This function uses a non-reentrant model


 *************** function _dispLCD_instReg *****************
 Defined at:
		line 79 in file "lcd.c"
 Parameters:    Size  Location     Type
  i               1    wreg     unsigned char 
 Auto vars:     Size  Location     Type
  i               1    2[COMMON] unsigned char 
 Return value:  Size  Location     Type
                  1    wreg      void 
 Registers used:
		wreg, status,2, status,0
 Tracked objects:
		On entry : 
		On exit  : 
		Unchanged: 
 Data sizes:     COMMON   BANK0   BANK1   BANK3   BANK2
      Params:         0       0       0       0       0
      Locals:         1       0       0       0       0
      Temps:          2       0       0       0       0
      Totals:         3       0       0       0       0
Total ram usage:        3 bytes
 Hardware stack levels used:    1
 This function calls:
		Nothing
 This function is called by:
		_dispLCD_lincol
		_dispLCD_newChar
		_dispLCD_init
		_dispLCD_clr
 This function uses a non-reentrant model


 *************** function _dispLCD_dataReg *****************
 Defined at:
		line 112 in file "lcd.c"
 Parameters:    Size  Location     Type
  d               1    wreg     unsigned char 
 Auto vars:     Size  Location     Type
  d               1    1[COMMON] unsigned char 
 Return value:  Size  Location     Type
                  1    wreg      void 
 Registers used:
		wreg, status,2, status,0
 Tracked objects:
		On entry : 
		On exit  : 
		Unchanged: 
 Data sizes:     COMMON   BANK0   BANK1   BANK3   BANK2
      Params:         0       0       0       0       0
      Locals:         1       0       0       0       0
      Temps:          1       0       0       0       0
      Totals:         2       0       0       0       0
Total ram usage:        2 bytes
 Hardware stack levels used:    1
 This function calls:
		Nothing
 This function is called by:
		_dispLCD_newChar
		_dispLCD
		_dispLCDstr
		_dispLCD_putChar
		_dispLCD_num
 This function uses a non-reentrant model



MODULE INFORMATION

Module		Function		Class		Link	Load	Size
delay.c
		_delay         		CODE           	052E	0000	24

delay.c estimated size: 24

eusart.c
		_rxEUSART      		CODE           	04EA	0000	6
		_initEUSART    		CODE           	0545	0000	24
		_rxStatusEUSART		CODE           	04EF	0000	9
		_rxErrorEUSART 		CODE           	055C	0000	24

eusart.c estimated size: 63

shared
		__stringtab    		STRING         	0021	0000	17
		_keyboardMatrix		STRING         	0031	0000	17
		_newChar_degree		STRING         	0041	0000	9
		__initialization		CODE           	07EC	0000	17
		__fptable      		ENTRY          	0003	0000	31

shared estimated size: 91

lcd.c
		_dispLCD_lincol		CODE           	0508	0000	20
		_dispLCD_dataReg		CODE           	0596	0000	44
		_dispLCD_instReg		CODE           	06BC	0000	122
		_dispLCD_newChar		CODE           	05F3	0000	59
		_dispLCD       		CODE           	05C1	0000	51
		_dispLCDstr    		CODE           	062D	0000	60
		_dispLCD_init  		CODE           	0668	0000	85

lcd.c estimated size: 441

main.c
		_main          		CODE           	0735	0000	184

main.c estimated size: 184

keyboard.c
		_keyboard_init 		CODE           	04F7	0000	18

keyboard.c estimated size: 18

